Archive member included to satisfy reference by file (symbol)

D:/STMicroelectronics/STM32CubeIDE_1.14.0/STM32CubeIDE/plugins/com.st.stm32cube.ide.mcu.externaltools.gnu-tools-for-stm32.11.3.rel1.win32_1.1.100.202309141235/tools/bin/../lib/gcc/arm-none-eabi/11.3.1/../../../../arm-none-eabi/lib/thumb/v7e-m+fp/hard\libc_nano.a(libc_a-exit.o)
                              D:/STMicroelectronics/STM32CubeIDE_1.14.0/STM32CubeIDE/plugins/com.st.stm32cube.ide.mcu.externaltools.gnu-tools-for-stm32.11.3.rel1.win32_1.1.100.202309141235/tools/bin/../lib/gcc/arm-none-eabi/11.3.1/../../../../arm-none-eabi/lib/thumb/v7e-m+fp/hard/crt0.o (exit)
D:/STMicroelectronics/STM32CubeIDE_1.14.0/STM32CubeIDE/plugins/com.st.stm32cube.ide.mcu.externaltools.gnu-tools-for-stm32.11.3.rel1.win32_1.1.100.202309141235/tools/bin/../lib/gcc/arm-none-eabi/11.3.1/../../../../arm-none-eabi/lib/thumb/v7e-m+fp/hard\libc_nano.a(libc_a-findfp.o)
                              D:/STMicroelectronics/STM32CubeIDE_1.14.0/STM32CubeIDE/plugins/com.st.stm32cube.ide.mcu.externaltools.gnu-tools-for-stm32.11.3.rel1.win32_1.1.100.202309141235/tools/bin/../lib/gcc/arm-none-eabi/11.3.1/../../../../arm-none-eabi/lib/thumb/v7e-m+fp/hard\libc_nano.a(libc_a-exit.o) (__stdio_exit_handler)
D:/STMicroelectronics/STM32CubeIDE_1.14.0/STM32CubeIDE/plugins/com.st.stm32cube.ide.mcu.externaltools.gnu-tools-for-stm32.11.3.rel1.win32_1.1.100.202309141235/tools/bin/../lib/gcc/arm-none-eabi/11.3.1/../../../../arm-none-eabi/lib/thumb/v7e-m+fp/hard\libc_nano.a(libc_a-fwalk.o)
                              D:/STMicroelectronics/STM32CubeIDE_1.14.0/STM32CubeIDE/plugins/com.st.stm32cube.ide.mcu.externaltools.gnu-tools-for-stm32.11.3.rel1.win32_1.1.100.202309141235/tools/bin/../lib/gcc/arm-none-eabi/11.3.1/../../../../arm-none-eabi/lib/thumb/v7e-m+fp/hard\libc_nano.a(libc_a-findfp.o) (_fwalk_sglue)
D:/STMicroelectronics/STM32CubeIDE_1.14.0/STM32CubeIDE/plugins/com.st.stm32cube.ide.mcu.externaltools.gnu-tools-for-stm32.11.3.rel1.win32_1.1.100.202309141235/tools/bin/../lib/gcc/arm-none-eabi/11.3.1/../../../../arm-none-eabi/lib/thumb/v7e-m+fp/hard\libc_nano.a(libc_a-stdio.o)
                              D:/STMicroelectronics/STM32CubeIDE_1.14.0/STM32CubeIDE/plugins/com.st.stm32cube.ide.mcu.externaltools.gnu-tools-for-stm32.11.3.rel1.win32_1.1.100.202309141235/tools/bin/../lib/gcc/arm-none-eabi/11.3.1/../../../../arm-none-eabi/lib/thumb/v7e-m+fp/hard\libc_nano.a(libc_a-findfp.o) (__sread)
D:/STMicroelectronics/STM32CubeIDE_1.14.0/STM32CubeIDE/plugins/com.st.stm32cube.ide.mcu.externaltools.gnu-tools-for-stm32.11.3.rel1.win32_1.1.100.202309141235/tools/bin/../lib/gcc/arm-none-eabi/11.3.1/../../../../arm-none-eabi/lib/thumb/v7e-m+fp/hard\libc_nano.a(libc_a-memset.o)
                              D:/STMicroelectronics/STM32CubeIDE_1.14.0/STM32CubeIDE/plugins/com.st.stm32cube.ide.mcu.externaltools.gnu-tools-for-stm32.11.3.rel1.win32_1.1.100.202309141235/tools/bin/../lib/gcc/arm-none-eabi/11.3.1/../../../../arm-none-eabi/lib/thumb/v7e-m+fp/hard/crt0.o (memset)
D:/STMicroelectronics/STM32CubeIDE_1.14.0/STM32CubeIDE/plugins/com.st.stm32cube.ide.mcu.externaltools.gnu-tools-for-stm32.11.3.rel1.win32_1.1.100.202309141235/tools/bin/../lib/gcc/arm-none-eabi/11.3.1/../../../../arm-none-eabi/lib/thumb/v7e-m+fp/hard\libc_nano.a(libc_a-closer.o)
                              D:/STMicroelectronics/STM32CubeIDE_1.14.0/STM32CubeIDE/plugins/com.st.stm32cube.ide.mcu.externaltools.gnu-tools-for-stm32.11.3.rel1.win32_1.1.100.202309141235/tools/bin/../lib/gcc/arm-none-eabi/11.3.1/../../../../arm-none-eabi/lib/thumb/v7e-m+fp/hard\libc_nano.a(libc_a-stdio.o) (_close_r)
D:/STMicroelectronics/STM32CubeIDE_1.14.0/STM32CubeIDE/plugins/com.st.stm32cube.ide.mcu.externaltools.gnu-tools-for-stm32.11.3.rel1.win32_1.1.100.202309141235/tools/bin/../lib/gcc/arm-none-eabi/11.3.1/../../../../arm-none-eabi/lib/thumb/v7e-m+fp/hard\libc_nano.a(libc_a-reent.o)
                              D:/STMicroelectronics/STM32CubeIDE_1.14.0/STM32CubeIDE/plugins/com.st.stm32cube.ide.mcu.externaltools.gnu-tools-for-stm32.11.3.rel1.win32_1.1.100.202309141235/tools/bin/../lib/gcc/arm-none-eabi/11.3.1/../../../../arm-none-eabi/lib/thumb/v7e-m+fp/hard\libc_nano.a(libc_a-closer.o) (errno)
D:/STMicroelectronics/STM32CubeIDE_1.14.0/STM32CubeIDE/plugins/com.st.stm32cube.ide.mcu.externaltools.gnu-tools-for-stm32.11.3.rel1.win32_1.1.100.202309141235/tools/bin/../lib/gcc/arm-none-eabi/11.3.1/../../../../arm-none-eabi/lib/thumb/v7e-m+fp/hard\libc_nano.a(libc_a-impure.o)
                              D:/STMicroelectronics/STM32CubeIDE_1.14.0/STM32CubeIDE/plugins/com.st.stm32cube.ide.mcu.externaltools.gnu-tools-for-stm32.11.3.rel1.win32_1.1.100.202309141235/tools/bin/../lib/gcc/arm-none-eabi/11.3.1/../../../../arm-none-eabi/lib/thumb/v7e-m+fp/hard\libc_nano.a(libc_a-reent.o) (_impure_ptr)
[...]
Memory Configuration

Name             Origin             Length             Attributes
RAM              0x0000000020000000 0x0000000000020000 xrw
FLASH            0x0000000008000000 0x0000000000080000 xr
*default*        0x0000000000000000 0xffffffffffffffff

Linker script and memory map

LOAD D:/STMicroelectronics/STM32CubeIDE_1.14.0/STM32CubeIDE/plugins/com.st.stm32cube.ide.mcu.externaltools.gnu-tools-for-stm32.11.3.rel1.win32_1.1.100.202309141235/tools/bin/../lib/gcc/arm-none-eabi/11.3.1/thumb/v7e-m+fp/hard/crti.o
LOAD D:/STMicroelectronics/STM32CubeIDE_1.14.0/STM32CubeIDE/plugins/com.st.stm32cube.ide.mcu.externaltools.gnu-tools-for-stm32.11.3.rel1.win32_1.1.100.202309141235/tools/bin/../lib/gcc/arm-none-eabi/11.3.1/thumb/v7e-m+fp/hard/crtbegin.o
LOAD D:/STMicroelectronics/STM32CubeIDE_1.14.0/STM32CubeIDE/plugins/com.st.stm32cube.ide.mcu.externaltools.gnu-tools-for-stm32.11.3.rel1.win32_1.1.100.202309141235/tools/bin/../lib/gcc/arm-none-eabi/11.3.1/../../../../arm-none-eabi/lib/thumb/v7e-m+fp/hard/crt0.o
LOAD ./Inc/Stm32f446xx_Driver_Layer/stm32f446xx_gpio_driver.o
LOAD ./Src/main.o
LOAD ./Src/syscalls.o
LOAD ./Src/sysmem.o
LOAD ./Startup/startup_stm32f446retx.o
START GROUP
LOAD D:/STMicroelectronics/STM32CubeIDE_1.14.0/STM32CubeIDE/plugins/com.st.stm32cube.ide.mcu.externaltools.gnu-tools-for-stm32.11.3.rel1.win32_1.1.100.202309141235/tools/bin/../lib/gcc/arm-none-eabi/11.3.1/../../../../arm-none-eabi/lib/thumb/v7e-m+fp/hard\libc_nano.a
LOAD D:/STMicroelectronics/STM32CubeIDE_1.14.0/STM32CubeIDE/plugins/com.st.stm32cube.ide.mcu.externaltools.gnu-tools-for-stm32.11.3.rel1.win32_1.1.100.202309141235/tools/bin/../lib/gcc/arm-none-eabi/11.3.1/../../../../arm-none-eabi/lib/thumb/v7e-m+fp/hard\libm.a
END GROUP
START GROUP
LOAD D:/STMicroelectronics/STM32CubeIDE_1.14.0/STM32CubeIDE/plugins/com.st.stm32cube.ide.mcu.externaltools.gnu-tools-for-stm32.11.3.rel1.win32_1.1.100.202309141235/tools/bin/../lib/gcc/arm-none-eabi/11.3.1/thumb/v7e-m+fp/hard\libgcc.a
LOAD D:/STMicroelectronics/STM32CubeIDE_1.14.0/STM32CubeIDE/plugins/com.st.stm32cube.ide.mcu.externaltools.gnu-tools-for-stm32.11.3.rel1.win32_1.1.100.202309141235/tools/bin/../lib/gcc/arm-none-eabi/11.3.1/../../../../arm-none-eabi/lib/thumb/v7e-m+fp/hard\libc_nano.a
END GROUP
START GROUP
LOAD D:/STMicroelectronics/STM32CubeIDE_1.14.0/STM32CubeIDE/plugins/com.st.stm32cube.ide.mcu.externaltools.gnu-tools-for-stm32.11.3.rel1.win32_1.1.100.202309141235/tools/bin/../lib/gcc/arm-none-eabi/11.3.1/thumb/v7e-m+fp/hard\libgcc.a
LOAD D:/STMicroelectronics/STM32CubeIDE_1.14.0/STM32CubeIDE/plugins/com.st.stm32cube.ide.mcu.externaltools.gnu-tools-for-stm32.11.3.rel1.win32_1.1.100.202309141235/tools/bin/../lib/gcc/arm-none-eabi/11.3.1/../../../../arm-none-eabi/lib/thumb/v7e-m+fp/hard\libc_nano.a
LOAD D:/STMicroelectronics/STM32CubeIDE_1.14.0/STM32CubeIDE/plugins/com.st.stm32cube.ide.mcu.externaltools.gnu-tools-for-stm32.11.3.rel1.win32_1.1.100.202309141235/tools/bin/../lib/gcc/arm-none-eabi/11.3.1/../../../../arm-none-eabi/lib/thumb/v7e-m+fp/hard\libnosys.a
END GROUP
START GROUP
LOAD D:/STMicroelectronics/STM32CubeIDE_1.14.0/STM32CubeIDE/plugins/com.st.stm32cube.ide.mcu.externaltools.gnu-tools-for-stm32.11.3.rel1.win32_1.1.100.202309141235/tools/bin/../lib/gcc/arm-none-eabi/11.3.1/thumb/v7e-m+fp/hard\libgcc.a
LOAD D:/STMicroelectronics/STM32CubeIDE_1.14.0/STM32CubeIDE/plugins/com.st.stm32cube.ide.mcu.externaltools.gnu-tools-for-stm32.11.3.rel1.win32_1.1.100.202309141235/tools/bin/../lib/gcc/arm-none-eabi/11.3.1/../../../../arm-none-eabi/lib/thumb/v7e-m+fp/hard\libc_nano.a
LOAD D:/STMicroelectronics/STM32CubeIDE_1.14.0/STM32CubeIDE/plugins/com.st.stm32cube.ide.mcu.externaltools.gnu-tools-for-stm32.11.3.rel1.win32_1.1.100.202309141235/tools/bin/../lib/gcc/arm-none-eabi/11.3.1/../../../../arm-none-eabi/lib/thumb/v7e-m+fp/hard\libnosys.a
END GROUP
LOAD D:/STMicroelectronics/STM32CubeIDE_1.14.0/STM32CubeIDE/plugins/com.st.stm32cube.ide.mcu.externaltools.gnu-tools-for-stm32.11.3.rel1.win32_1.1.100.202309141235/tools/bin/../lib/gcc/arm-none-eabi/11.3.1/thumb/v7e-m+fp/hard/crtend.o
LOAD D:/STMicroelectronics/STM32CubeIDE_1.14.0/STM32CubeIDE/plugins/com.st.stm32cube.ide.mcu.externaltools.gnu-tools-for-stm32.11.3.rel1.win32_1.1.100.202309141235/tools/bin/../lib/gcc/arm-none-eabi/11.3.1/thumb/v7e-m+fp/hard/crtn.o
                0x0000000020020000                _estack = (ORIGIN (RAM) + LENGTH (RAM))
                0x0000000000000200                _Min_Heap_Size = 0x200
                0x0000000000000400                _Min_Stack_Size = 0x400

.isr_vector     0x0000000008000000      0x1c4
                0x0000000008000000                . = ALIGN (0x4)
 *(.isr_vector)
 .isr_vector    0x0000000008000000      0x1c4 ./Startup/startup_stm32f446retx.o
                0x0000000008000000                g_pfnVectors
                0x00000000080001c4                . = ALIGN (0x4)

.text           0x00000000080001c4      0x5c0
                0x00000000080001c4                . = ALIGN (0x4)
 *(.text)
 .text          0x00000000080001c4       0x40 D:/STMicroelectronics/STM32CubeIDE_1.14.0/STM32CubeIDE/plugins/com.st.stm32cube.ide.mcu.externaltools.gnu-tools-for-stm32.11.3.rel1.win32_1.1.100.202309141235/tools/bin/../lib/gcc/arm-none-eabi/11.3.1/thumb/v7e-m+fp/hard/crtbegin.o
 *(.text*)
 .text.GPIO_Init
                0x0000000008000204      0x1cc ./Inc/Stm32f446xx_Driver_Layer/stm32f446xx_gpio_driver.o
                0x0000000008000204                GPIO_Init
 .text.GPIO_PeriClockControl
                0x00000000080003d0      0x1d0 ./Inc/Stm32f446xx_Driver_Layer/stm32f446xx_gpio_driver.o
                0x00000000080003d0                GPIO_PeriClockControl
 .text.GPIO_ReadFromInputPin
                0x00000000080005a0       0x2c ./Inc/Stm32f446xx_Driver_Layer/stm32f446xx_gpio_driver.o
                0x00000000080005a0                GPIO_ReadFromInputPin
 .text.GPIO_WriteToOutputPin
                0x00000000080005cc       0x4a ./Inc/Stm32f446xx_Driver_Layer/stm32f446xx_gpio_driver.o
                0x00000000080005cc                GPIO_WriteToOutputPin
 *fill*         0x0000000008000616        0x2 
 .text.delay    0x0000000008000618       0x2c ./Src/main.o
                0x0000000008000618                delay
 .text.main     0x0000000008000644       0x8c ./Src/main.o
                0x0000000008000644                main
 .text.Reset_Handler
                0x00000000080006d0       0x50 ./Startup/startup_stm32f446retx.o
                0x00000000080006d0                Reset_Handler
 .text.Default_Handler
                0x0000000008000720        0x2 ./Startup/startup_stm32f446retx.o
                0x0000000008000720                RTC_Alarm_IRQHandler
                0x0000000008000720                EXTI2_IRQHandler
                0x0000000008000720                TIM8_CC_IRQHandler
                0x0000000008000720                SPDIF_Rx_IRQHandler
                0x0000000008000720                DebugMon_Handler
                0x0000000008000720                SPI4_IRQHandler
                0x0000000008000720                TIM1_CC_IRQHandler
                0x0000000008000720                QuadSPI_IRQHandler
                0x0000000008000720                DMA2_Stream5_IRQHandler
                0x0000000008000720                HardFault_Handler
                0x0000000008000720                DMA1_Stream5_IRQHandler
                0x0000000008000720                SysTick_Handler
                0x0000000008000720                PVD_IRQHandler
                0x0000000008000720                SDIO_IRQHandler
                0x0000000008000720                TAMP_STAMP_IRQHandler
                0x0000000008000720                PendSV_Handler
                0x0000000008000720                NMI_Handler
                0x0000000008000720                CAN2_RX1_IRQHandler
                0x0000000008000720                EXTI3_IRQHandler
                0x0000000008000720                TIM8_TRG_COM_TIM14_IRQHandler
                0x0000000008000720                TIM1_UP_TIM10_IRQHandler
                0x0000000008000720                FMPI2C1_error_IRQHandler
                0x0000000008000720                TIM8_UP_TIM13_IRQHandler
                0x0000000008000720                I2C3_ER_IRQHandler
                0x0000000008000720                EXTI0_IRQHandler
                0x0000000008000720                I2C2_EV_IRQHandler
                0x0000000008000720                DMA1_Stream2_IRQHandler
                0x0000000008000720                CAN1_RX0_IRQHandler
                0x0000000008000720                OTG_HS_WKUP_IRQHandler
                0x0000000008000720                UsageFault_Handler
                0x0000000008000720                CAN2_SCE_IRQHandler
                0x0000000008000720                DMA2_Stream2_IRQHandler
                0x0000000008000720                SPI1_IRQHandler
                0x0000000008000720                TIM6_DAC_IRQHandler
                0x0000000008000720                TIM1_BRK_TIM9_IRQHandler
                0x0000000008000720                DCMI_IRQHandler
                0x0000000008000720                CAN2_RX0_IRQHandler
                0x0000000008000720                DMA2_Stream3_IRQHandler
                0x0000000008000720                FMPI2C1_IRQHandler
                0x0000000008000720                SAI2_IRQHandler
                0x0000000008000720                USART6_IRQHandler
                0x0000000008000720                USART3_IRQHandler
                0x0000000008000720                CAN1_RX1_IRQHandler
                0x0000000008000720                UART5_IRQHandler
                0x0000000008000720                DMA2_Stream0_IRQHandler
                0x0000000008000720                TIM4_IRQHandler
                0x0000000008000720                I2C1_EV_IRQHandler
                0x0000000008000720                HDMI_CEC_IRQHandler
                0x0000000008000720                DMA1_Stream6_IRQHandler
                0x0000000008000720                DMA1_Stream1_IRQHandler
                0x0000000008000720                UART4_IRQHandler
                0x0000000008000720                TIM3_IRQHandler
                0x0000000008000720                RCC_IRQHandler
                0x0000000008000720                TIM8_BRK_TIM12_IRQHandler
                0x0000000008000720                Default_Handler
                0x0000000008000720                EXTI15_10_IRQHandler
                0x0000000008000720                ADC_IRQHandler
                0x0000000008000720                DMA1_Stream7_IRQHandler
                0x0000000008000720                TIM7_IRQHandler
                0x0000000008000720                CAN2_TX_IRQHandler
                0x0000000008000720                TIM5_IRQHandler
                0x0000000008000720                DMA2_Stream7_IRQHandler
                0x0000000008000720                I2C3_EV_IRQHandler
                0x0000000008000720                EXTI9_5_IRQHandler
                0x0000000008000720                RTC_WKUP_IRQHandler
                0x0000000008000720                SPI2_IRQHandler
                0x0000000008000720                OTG_HS_EP1_IN_IRQHandler
                0x0000000008000720                MemManage_Handler
                0x0000000008000720                DMA1_Stream0_IRQHandler
                0x0000000008000720                CAN1_TX_IRQHandler
                0x0000000008000720                SVC_Handler
                0x0000000008000720                EXTI4_IRQHandler
                0x0000000008000720                OTG_HS_EP1_OUT_IRQHandler
                0x0000000008000720                WWDG_IRQHandler
                0x0000000008000720                TIM2_IRQHandler
                0x0000000008000720                OTG_FS_WKUP_IRQHandler
                0x0000000008000720                TIM1_TRG_COM_TIM11_IRQHandler
                0x0000000008000720                OTG_HS_IRQHandler
                0x0000000008000720                EXTI1_IRQHandler
                0x0000000008000720                USART2_IRQHandler
                0x0000000008000720                I2C2_ER_IRQHandler
                0x0000000008000720                DMA2_Stream1_IRQHandler
                0x0000000008000720                CAN1_SCE_IRQHandler
                0x0000000008000720                FLASH_IRQHandler
                0x0000000008000720                DMA2_Stream4_IRQHandler
                0x0000000008000720                BusFault_Handler
                0x0000000008000720                USART1_IRQHandler
                0x0000000008000720                OTG_FS_IRQHandler
                0x0000000008000720                SPI3_IRQHandler
                0x0000000008000720                DMA1_Stream4_IRQHandler
                0x0000000008000720                I2C1_ER_IRQHandler
                0x0000000008000720                FMC_IRQHandler
                0x0000000008000720                DMA2_Stream6_IRQHandler
                0x0000000008000720                SAI1_IRQHandler
                0x0000000008000720                DMA1_Stream3_IRQHandler
 *fill*         0x0000000008000722        0x2 
 .text.__libc_init_array
                0x0000000008000724       0x48 D:/STMicroelectronics/STM32CubeIDE_1.14.0/STM32CubeIDE/plugins/com.st.stm32cube.ide.mcu.externaltools.gnu-tools-for-stm32.11.3.rel1.win32_1.1.100.202309141235/tools/bin/../lib/gcc/arm-none-eabi/11.3.1/../../../../arm-none-eabi/lib/thumb/v7e-m+fp/hard\libc_nano.a(libc_a-init.o)
                0x0000000008000724                __libc_init_array
 *(.glue_7)
 .glue_7        0x000000000800076c        0x0 linker stubs
 *(.glue_7t)
 .glue_7t       0x000000000800076c        0x0 linker stubs
 *(.eh_frame)
 .eh_frame      0x000000000800076c        0x0 D:/STMicroelectronics/STM32CubeIDE_1.14.0/STM32CubeIDE/plugins/com.st.stm32cube.ide.mcu.externaltools.gnu-tools-for-stm32.11.3.rel1.win32_1.1.100.202309141235/tools/bin/../lib/gcc/arm-none-eabi/11.3.1/thumb/v7e-m+fp/hard/crtbegin.o
 *(.init)
 .init          0x000000000800076c        0x4 D:/STMicroelectronics/STM32CubeIDE_1.14.0/STM32CubeIDE/plugins/com.st.stm32cube.ide.mcu.externaltools.gnu-tools-for-stm32.11.3.rel1.win32_1.1.100.202309141235/tools/bin/../lib/gcc/arm-none-eabi/11.3.1/thumb/v7e-m+fp/hard/crti.o
                0x000000000800076c                _init
 .init          0x0000000008000770        0x8 D:/STMicroelectronics/STM32CubeIDE_1.14.0/STM32CubeIDE/plugins/com.st.stm32cube.ide.mcu.externaltools.gnu-tools-for-stm32.11.3.rel1.win32_1.1.100.202309141235/tools/bin/../lib/gcc/arm-none-eabi/11.3.1/thumb/v7e-m+fp/hard/crtn.o
 *(.fini)
 .fini          0x0000000008000778        0x4 D:/STMicroelectronics/STM32CubeIDE_1.14.0/STM32CubeIDE/plugins/com.st.stm32cube.ide.mcu.externaltools.gnu-tools-for-stm32.11.3.rel1.win32_1.1.100.202309141235/tools/bin/../lib/gcc/arm-none-eabi/11.3.1/thumb/v7e-m+fp/hard/crti.o
                0x0000000008000778                _fini
 .fini          0x000000000800077c        0x8 D:/STMicroelectronics/STM32CubeIDE_1.14.0/STM32CubeIDE/plugins/com.st.stm32cube.ide.mcu.externaltools.gnu-tools-for-stm32.11.3.rel1.win32_1.1.100.202309141235/tools/bin/../lib/gcc/arm-none-eabi/11.3.1/thumb/v7e-m+fp/hard/crtn.o
                0x0000000008000784                . = ALIGN (0x4)
                0x0000000008000784                _etext = .

.vfp11_veneer   0x0000000008000784        0x0
 .vfp11_veneer  0x0000000008000784        0x0 linker stubs

.v4_bx          0x0000000008000784        0x0
 .v4_bx         0x0000000008000784        0x0 linker stubs

.iplt           0x0000000008000784        0x0
 .iplt          0x0000000008000784        0x0 D:/STMicroelectronics/STM32CubeIDE_1.14.0/STM32CubeIDE/plugins/com.st.stm32cube.ide.mcu.externaltools.gnu-tools-for-stm32.11.3.rel1.win32_1.1.100.202309141235/tools/bin/../lib/gcc/arm-none-eabi/11.3.1/thumb/v7e-m+fp/hard/crtbegin.o

.rel.dyn        0x0000000008000784        0x0
 .rel.iplt      0x0000000008000784        0x0 D:/STMicroelectronics/STM32CubeIDE_1.14.0/STM32CubeIDE/plugins/com.st.stm32cube.ide.mcu.externaltools.gnu-tools-for-stm32.11.3.rel1.win32_1.1.100.202309141235/tools/bin/../lib/gcc/arm-none-eabi/11.3.1/thumb/v7e-m+fp/hard/crtbegin.o

.rodata         0x0000000008000784        0x0
                0x0000000008000784                . = ALIGN (0x4)
 *(.rodata)
 *(.rodata*)
                0x0000000008000784                . = ALIGN (0x4)

.ARM.extab      0x0000000008000784        0x0
                0x0000000008000784                . = ALIGN (0x4)
 *(.ARM.extab* .gnu.linkonce.armextab.*)
                0x0000000008000784                . = ALIGN (0x4)

.ARM            0x0000000008000784        0x0
                0x0000000008000784                . = ALIGN (0x4)
                0x0000000008000784                __exidx_start = .
 *(.ARM.exidx*)
                0x0000000008000784                __exidx_end = .
                0x0000000008000784                . = ALIGN (0x4)

.preinit_array  0x0000000008000784        0x0
                0x0000000008000784                . = ALIGN (0x4)
                0x0000000008000784                PROVIDE (__preinit_array_start = .)
 *(.preinit_array*)
                0x0000000008000784                PROVIDE (__preinit_array_end = .)
                0x0000000008000784                . = ALIGN (0x4)

.init_array     0x0000000008000784        0x4
                0x0000000008000784                . = ALIGN (0x4)
                0x0000000008000784                PROVIDE (__init_array_start = .)
 *(SORT_BY_NAME(.init_array.*))
 *(.init_array*)
 .init_array    0x0000000008000784        0x4 D:/STMicroelectronics/STM32CubeIDE_1.14.0/STM32CubeIDE/plugins/com.st.stm32cube.ide.mcu.externaltools.gnu-tools-for-stm32.11.3.rel1.win32_1.1.100.202309141235/tools/bin/../lib/gcc/arm-none-eabi/11.3.1/thumb/v7e-m+fp/hard/crtbegin.o
                0x0000000008000788                PROVIDE (__init_array_end = .)
                0x0000000008000788                . = ALIGN (0x4)

.fini_array     0x0000000008000788        0x4
                0x0000000008000788                . = ALIGN (0x4)
                [!provide]                        PROVIDE (__fini_array_start = .)
 *(SORT_BY_NAME(.fini_array.*))
 *(.fini_array*)
 .fini_array    0x0000000008000788        0x4 D:/STMicroelectronics/STM32CubeIDE_1.14.0/STM32CubeIDE/plugins/com.st.stm32cube.ide.mcu.externaltools.gnu-tools-for-stm32.11.3.rel1.win32_1.1.100.202309141235/tools/bin/../lib/gcc/arm-none-eabi/11.3.1/thumb/v7e-m+fp/hard/crtbegin.o
                [!provide]                        PROVIDE (__fini_array_end = .)
                0x000000000800078c                . = ALIGN (0x4)
                0x000000000800078c                _sidata = LOADADDR (.data)

.data           0x0000000020000000        0x0 load address 0x000000000800078c
                0x0000000020000000                . = ALIGN (0x4)
                0x0000000020000000                _sdata = .
 *(.data)
 *(.data*)
 *(.RamFunc)
 *(.RamFunc*)
                0x0000000020000000                . = ALIGN (0x4)
                0x0000000020000000                _edata = .

.igot.plt       0x0000000020000000        0x0 load address 0x000000000800078c
 .igot.plt      0x0000000020000000        0x0 D:/STMicroelectronics/STM32CubeIDE_1.14.0/STM32CubeIDE/plugins/com.st.stm32cube.ide.mcu.externaltools.gnu-tools-for-stm32.11.3.rel1.win32_1.1.100.202309141235/tools/bin/../lib/gcc/arm-none-eabi/11.3.1/thumb/v7e-m+fp/hard/crtbegin.o
                0x0000000020000000                . = ALIGN (0x4)

.bss            0x0000000020000000       0x1c load address 0x000000000800078c
                0x0000000020000000                _sbss = .
                0x0000000020000000                __bss_start__ = _sbss
 *(.bss)
 .bss           0x0000000020000000       0x1c D:/STMicroelectronics/STM32CubeIDE_1.14.0/STM32CubeIDE/plugins/com.st.stm32cube.ide.mcu.externaltools.gnu-tools-for-stm32.11.3.rel1.win32_1.1.100.202309141235/tools/bin/../lib/gcc/arm-none-eabi/11.3.1/thumb/v7e-m+fp/hard/crtbegin.o
 *(.bss*)
 *(COMMON)
                0x000000002000001c                . = ALIGN (0x4)
                0x000000002000001c                _ebss = .
                0x000000002000001c                __bss_end__ = _ebss

._user_heap_stack
                0x000000002000001c      0x604 load address 0x000000000800078c
                0x0000000020000020                . = ALIGN (0x8)
 *fill*         0x000000002000001c        0x4 
                [!provide]                        PROVIDE (end = .)
                0x0000000020000020                PROVIDE (_end = .)
                0x0000000020000220                . = (. + _Min_Heap_Size)
 *fill*         0x0000000020000020      0x200 
                0x0000000020000620                . = (. + _Min_Stack_Size)
 *fill*         0x0000000020000220      0x400 
                0x0000000020000620                . = ALIGN (0x8)

/DISCARD/
 libc.a(*)
 libm.a(*)
 libgcc.a(*)

.ARM.attributes
                0x0000000000000000       0x30
 *(.ARM.attributes)
 .ARM.attributes
                0x0000000000000000       0x1e D:/STMicroelectronics/STM32CubeIDE_1.14.0/STM32CubeIDE/plugins/com.st.stm32cube.ide.mcu.externaltools.gnu-tools-for-stm32.11.3.rel1.win32_1.1.100.202309141235/tools/bin/../lib/gcc/arm-none-eabi/11.3.1/thumb/v7e-m+fp/hard/crti.o
 .ARM.attributes
                0x000000000000001e       0x34 D:/STMicroelectronics/STM32CubeIDE_1.14.0/STM32CubeIDE/plugins/com.st.stm32cube.ide.mcu.externaltools.gnu-tools-for-stm32.11.3.rel1.win32_1.1.100.202309141235/tools/bin/../lib/gcc/arm-none-eabi/11.3.1/thumb/v7e-m+fp/hard/crtbegin.o
 .ARM.attributes
                0x0000000000000052       0x34 ./Inc/Stm32f446xx_Driver_Layer/stm32f446xx_gpio_driver.o
 .ARM.attributes
                0x0000000000000086       0x34 ./Src/main.o
 .ARM.attributes
                0x00000000000000ba       0x21 ./Startup/startup_stm32f446retx.o
 .ARM.attributes
                0x00000000000000db       0x34 D:/STMicroelectronics/STM32CubeIDE_1.14.0/STM32CubeIDE/plugins/com.st.stm32cube.ide.mcu.externaltools.gnu-tools-for-stm32.11.3.rel1.win32_1.1.100.202309141235/tools/bin/../lib/gcc/arm-none-eabi/11.3.1/../../../../arm-none-eabi/lib/thumb/v7e-m+fp/hard\libc_nano.a(libc_a-init.o)
 .ARM.attributes
                0x000000000000010f       0x1e D:/STMicroelectronics/STM32CubeIDE_1.14.0/STM32CubeIDE/plugins/com.st.stm32cube.ide.mcu.externaltools.gnu-tools-for-stm32.11.3.rel1.win32_1.1.100.202309141235/tools/bin/../lib/gcc/arm-none-eabi/11.3.1/thumb/v7e-m+fp/hard/crtn.o
OUTPUT(STM32_Drivers_Layer.elf elf32-littlearm)
LOAD linker stubs
LOAD D:/STMicroelectronics/STM32CubeIDE_1.14.0/STM32CubeIDE/plugins/com.st.stm32cube.ide.mcu.externaltools.gnu-tools-for-stm32.11.3.rel1.win32_1.1.100.202309141235/tools/bin/../lib/gcc/arm-none-eabi/11.3.1/../../../../arm-none-eabi/lib/thumb/v7e-m+fp/hard\libc.a
LOAD D:/STMicroelectronics/STM32CubeIDE_1.14.0/STM32CubeIDE/plugins/com.st.stm32cube.ide.mcu.externaltools.gnu-tools-for-stm32.11.3.rel1.win32_1.1.100.202309141235/tools/bin/../lib/gcc/arm-none-eabi/11.3.1/../../../../arm-none-eabi/lib/thumb/v7e-m+fp/hard\libm.a
LOAD D:/STMicroelectronics/STM32CubeIDE_1.14.0/STM32CubeIDE/plugins/com.st.stm32cube.ide.mcu.externaltools.gnu-tools-for-stm32.11.3.rel1.win32_1.1.100.202309141235/tools/bin/../lib/gcc/arm-none-eabi/11.3.1/thumb/v7e-m+fp/hard\libgcc.a

.comment        0x0000000000000000       0x43
 .comment       0x0000000000000000       0x43 D:/STMicroelectronics/STM32CubeIDE_1.14.0/STM32CubeIDE/plugins/com.st.stm32cube.ide.mcu.externaltools.gnu-tools-for-stm32.11.3.rel1.win32_1.1.100.202309141235/tools/bin/../lib/gcc/arm-none-eabi/11.3.1/thumb/v7e-m+fp/hard/crtbegin.o
                                         0x44 (size before relaxing)
 .comment       0x0000000000000043       0x44 ./Inc/Stm32f446xx_Driver_Layer/stm32f446xx_gpio_driver.o
 .comment       0x0000000000000043       0x44 ./Src/main.o

.debug_info     0x0000000000000000      0x87c
 .debug_info    0x0000000000000000      0x5d3 ./Inc/Stm32f446xx_Driver_Layer/stm32f446xx_gpio_driver.o
 .debug_info    0x00000000000005d3      0x286 ./Src/main.o
 .debug_info    0x0000000000000859       0x23 ./Startup/startup_stm32f446retx.o

.debug_abbrev   0x0000000000000000      0x277
 .debug_abbrev  0x0000000000000000      0x13b ./Inc/Stm32f446xx_Driver_Layer/stm32f446xx_gpio_driver.o
 .debug_abbrev  0x000000000000013b      0x12a ./Src/main.o
 .debug_abbrev  0x0000000000000265       0x12 ./Startup/startup_stm32f446retx.o

.debug_aranges  0x0000000000000000       0xa8
 .debug_aranges
                0x0000000000000000       0x58 ./Inc/Stm32f446xx_Driver_Layer/stm32f446xx_gpio_driver.o
 .debug_aranges
                0x0000000000000058       0x28 ./Src/main.o
 .debug_aranges
                0x0000000000000080       0x28 ./Startup/startup_stm32f446retx.o

.debug_rnglists
                0x0000000000000000       0x73
 .debug_rnglists
                0x0000000000000000       0x40 ./Inc/Stm32f446xx_Driver_Layer/stm32f446xx_gpio_driver.o
 .debug_rnglists
                0x0000000000000040       0x1a ./Src/main.o
 .debug_rnglists
                0x000000000000005a       0x19 ./Startup/startup_stm32f446retx.o

.debug_macro    0x0000000000000000     0x1903
 .debug_macro   0x0000000000000000       0x8f ./Inc/Stm32f446xx_Driver_Layer/stm32f446xx_gpio_driver.o
 .debug_macro   0x000000000000008f      0xab4 ./Inc/Stm32f446xx_Driver_Layer/stm32f446xx_gpio_driver.o
 .debug_macro   0x0000000000000b43      0x174 ./Inc/Stm32f446xx_Driver_Layer/stm32f446xx_gpio_driver.o
 .debug_macro   0x0000000000000cb7       0x22 ./Inc/Stm32f446xx_Driver_Layer/stm32f446xx_gpio_driver.o
 .debug_macro   0x0000000000000cd9       0x8e ./Inc/Stm32f446xx_Driver_Layer/stm32f446xx_gpio_driver.o
 .debug_macro   0x0000000000000d67       0x51 ./Inc/Stm32f446xx_Driver_Layer/stm32f446xx_gpio_driver.o
 .debug_macro   0x0000000000000db8      0x103 ./Inc/Stm32f446xx_Driver_Layer/stm32f446xx_gpio_driver.o
 .debug_macro   0x0000000000000ebb       0x6a ./Inc/Stm32f446xx_Driver_Layer/stm32f446xx_gpio_driver.o
 .debug_macro   0x0000000000000f25      0x1df ./Inc/Stm32f446xx_Driver_Layer/stm32f446xx_gpio_driver.o
 .debug_macro   0x0000000000001104      0x6ac ./Inc/Stm32f446xx_Driver_Layer/stm32f446xx_gpio_driver.o
 .debug_macro   0x00000000000017b0       0xc4 ./Inc/Stm32f446xx_Driver_Layer/stm32f446xx_gpio_driver.o
 .debug_macro   0x0000000000001874       0x8f ./Src/main.o

.debug_line     0x0000000000000000      0xe5b
 .debug_line    0x0000000000000000      0x846 ./Inc/Stm32f446xx_Driver_Layer/stm32f446xx_gpio_driver.o
 .debug_line    0x0000000000000846      0x59a ./Src/main.o
 .debug_line    0x0000000000000de0       0x7b ./Startup/startup_stm32f446retx.o

.debug_str      0x0000000000000000     0x60d1
 .debug_str     0x0000000000000000     0x6076 ./Inc/Stm32f446xx_Driver_Layer/stm32f446xx_gpio_driver.o
                                       0x6269 (size before relaxing)
 .debug_str     0x0000000000006076       0x2c ./Src/main.o
                                       0x607a (size before relaxing)
 .debug_str     0x00000000000060a2       0x2f ./Startup/startup_stm32f446retx.o
                                         0x70 (size before relaxing)

.debug_frame    0x0000000000000000      0x1d0
 .debug_frame   0x0000000000000000      0x14c ./Inc/Stm32f446xx_Driver_Layer/stm32f446xx_gpio_driver.o
 .debug_frame   0x000000000000014c       0x58 ./Src/main.o
 .debug_frame   0x00000000000001a4       0x2c D:/STMicroelectronics/STM32CubeIDE_1.14.0/STM32CubeIDE/plugins/com.st.stm32cube.ide.mcu.externaltools.gnu-tools-for-stm32.11.3.rel1.win32_1.1.100.202309141235/tools/bin/../lib/gcc/arm-none-eabi/11.3.1/../../../../arm-none-eabi/lib/thumb/v7e-m+fp/hard\libc_nano.a(libc_a-init.o)

.debug_line_str
                0x0000000000000000       0x64
 .debug_line_str
                0x0000000000000000       0x64 ./Startup/startup_stm32f446retx.o
                                         0x7c (size before relaxing)
