../Inc/Stm32f446xx_Driver_Layer/STM32F446xx_uart_driver.c:25:6:USART_PeriClockControl	16	static
../Inc/Stm32f446xx_Driver_Layer/STM32F446xx_uart_driver.c:83:6:USART_SetBaudRate	40	static
../Inc/Stm32f446xx_Driver_Layer/STM32F446xx_uart_driver.c:160:6:USART_Init	16	static
../Inc/Stm32f446xx_Driver_Layer/STM32F446xx_uart_driver.c:275:6:USART_PeripheralControl	16	static
../Inc/Stm32f446xx_Driver_Layer/STM32F446xx_uart_driver.c:300:9:USART_GetFlagStatus	16	static
../Inc/Stm32f446xx_Driver_Layer/STM32F446xx_uart_driver.c:323:6:USART_SendData	32	static
../Inc/Stm32f446xx_Driver_Layer/STM32F446xx_uart_driver.c:383:6:USART_ReceiveData	32	static
../Inc/Stm32f446xx_Driver_Layer/STM32F446xx_uart_driver.c:457:6:USART_IRQInterruptConfig	16	static
../Inc/Stm32f446xx_Driver_Layer/STM32F446xx_uart_driver.c:509:6:USART_IRQPriorityConfig	24	static
../Inc/Stm32f446xx_Driver_Layer/STM32F446xx_uart_driver.c:533:6:USART_IRQHandling	32	static
../Inc/Stm32f446xx_Driver_Layer/STM32F446xx_uart_driver.c:796:13:USART_ApplicationEventCallback	16	static
